=== batch16-amer-eur w1 live send (ASAP, per Roman) Thu Sep 17 08:01:47 PDT 2026 ===
35 to send — will be logged as batch16-amer-eur (2026-09-17)

SENT Callooh Callay -> hello@calloohcallaybar.com (id 01a0afe3-5d95-75dd-a163-8455b201a817)
SENT Bar Immertreu -> mail@bar-immertreu.de (id 01a0afe3-63e0-7561-8047-d9603137c8db)
SENT Devil's Cut -> info@devilscutmadrid.com (id 01a0afe3-69ff-734c-a3ea-328947645f93)
SENT Bar Lupo -> contact@lupo.bar (id 01a0afe3-7130-738d-a5d3-71675ba37806)
SENT AnonymouS Bar -> info@anonymousbar.cz (id 01a0afe3-7790-768a-98a8-897b422c08e4)
SENT Arbane Cocktail Bar -> contact@larbane.com (id 01a0afe3-7d94-77ea-9fad-5a4e9cd0ac8e)
SENT Gorilla -> info@gorillabar.gr (id 01a0afe3-83af-75cd-aeee-c1755f6bca29)
SENT Josef Cocktail Bar -> reservierung@josef-bar.at (id 01a0afe3-89bc-7509-8c02-491e5da4cfc3)
SENT Fitz's Bar -> info@fitzsbaramsterdam.com (id 01a0afe3-9035-73fc-a2d6-11ccfdc8f521)
SENT Locale Firenze -> info@localefirenze.it (id 01a0afe3-966f-745f-a398-da58d434c136)
SENT Hernö Gin Bar - Stockholm -> stockholm@hernogin.com (id 01a0afe3-9cac-7045-a1d4-3e4fa61d117f)
SENT Peaches & Cream Bar -> cocktail@peachescream.bar (id 01a0afe3-a2c8-720b-965d-198fd0c3855f)
SENT Pensão Amor -> email@pensaoamor.pt (id 01a0afe3-a8e7-75ac-adf8-9088896fcef9)
SENT Pink Pony Club -> info@ppcbudapest.com (id 01a0afe3-af05-734d-91f1-2f79a83de7e2)
SENT Antique American Bar -> antique@sassy.sk (id 01a0afe3-b52e-735a-8787-87426c907561)
SENT The Trust -> drinks@thetrust.pl (id 01a0afe3-bb53-70d9-882d-9544877716a0)
SENT Coupette -> info@coupette.co.uk (id 01a0afe3-c169-719d-b7ae-0ffd14b52f59)
SENT Becketts Kopf -> info@becketts-kopf.de (id 01a0afe3-c76f-743e-9abf-b2e7a168e11f)
SENT Dr. Stravinsky -> info@drstravinsky.cat (id 01a0afe3-cd65-759b-b907-370e28ffaa60)
SENT Kronenhalle Bar -> info@kronenhalle.com (id 01a0afe3-d5cc-706d-8798-47cab2941caf)
SENT Beyond The Bar -> hello@beyondthebar.cz (id 01a0afe3-dbd3-7242-977c-9e16b47be603)
SENT Le Calbar -> info@lecalbarcocktail.com (id 01a0afe3-e1cf-71f0-b1b8-78020a8eb3cc)
SENT Upupa Epops -> info@upupa.gr (id 01a0afe3-e7e2-7178-b70d-f61a02bbe940)
SENT Truth & Dare -> drink@truthanddare.bar (id 01a0afe3-edf5-75d9-9b87-d309166049b4)
SENT Sins of Sal -> hello@sinsofsal.nl (id 01a0afe3-f3fa-7348-a181-872d706377fc)
SENT Salmon Guru -> milano@salmonguru.it (id 01a0afe3-f9f7-740b-9f4e-10fb69e9bb96)
SENT Le Hibou -> lehibou@bankhotel.se (id 01a0afe4-002c-75ed-83c1-ecace8706a0f)
SENT Happiness Forgets -> manager@happinessforgets.com (id 01a0afe4-0669-7ad3-b3cc-2f1b1e08f4af)
SENT Buck & Breck -> info@buckandbreck.com (id 01a0afe4-0c73-719d-ad1b-a01c25daec97)
SENT FOCO -> info@focobcn.com (id 01a0afe4-125d-76ed-95ed-8eb9aaaebf5d)
SENT Late Bloomers -> info@latebloomersthebar.com (id 01a0afe4-184d-77db-880f-6dbfa6e18c19)
SENT Lost and Found Bar Prague -> lostfoundcz@gmail.com (id 01a0afe4-1e42-719f-a235-7fb77090cf27)
SENT Moonshiner -> speakeasy@moonshinerbar.fr (id 01a0afe4-2452-7239-8487-42400a61d248)
SENT Hey Palu -> hey@heypalu.com (id 01a0afe4-2a68-70e9-b28a-0cd8e995ed24)
SENT Hildegard Bar -> info@hildegardbar-berlin.de (id 01a0afe4-307f-75b8-aeae-2bd586a0188f)
=== w1 done Thu Sep 17 08:02:43 PDT 2026 ===
=== batch16-amer-eur w2 live send Thu Sep 17 11:30:05 PDT 2026 ===
35 to send — will be logged as batch16-amer-eur (2026-09-17)

SENT Monk -> info@monkbarcelona.com (id 01a0b0a2-12f6-7501-88d3-27f49acb2913)
SENT Schluggstube -> info@schluggstube.ch (id 01a0b0a2-1912-73fe-a8f8-fd30b6e391a1)
SENT Lucky Liquor Co. -> info@luckyliquorco.com (id 01a0b0a2-1f96-74cd-8a1d-2706e560a8f1)
SENT LIMONADIER Cocktailbar -> info@limonadier.de (id 01a0b0a2-25e9-71df-b935-425da87aad0c)
SENT Sips -> bookings@sips.barcelona (id 01a0b0a2-2c3c-7163-a26f-9133edbddeaa)
SENT Murder Inc -> bookings@murderinclondon.com (id 01a0b0a2-325b-7059-84e3-753c7f9008bd)
SENT Provocateur Bar -> hello@provocateur-hotel.com (id 01a0b0a2-38a4-7188-b621-622d6c80fa37)
SENT Nightjar -> shoreditch@barnightjar.com (id 01a0b0a2-3ec9-75ff-bf6a-9be6133971a0)
SENT Vault Bar -> info@vault.berlin (id 01a0b0a2-44e1-76da-8e80-ec216010d388)
SENT Oriole -> info@oriolebar.com (id 01a0b0a2-4afd-75fb-8c01-abde036bb7ef)
SENT Velvet -> kontakt@velvet-bar-berlin.de (id 01a0b0a2-512c-7574-b839-8ae50e6e97d2)
SENT Satan's Whiskers -> info@satanswhiskers.com (id 01a0b0a2-572b-75a8-ae96-0bb5bbd7aec7)
SENT Scarfes Bar -> info@scarfesbar.com (id 01a0b0a2-5d1f-76aa-8c24-edcec09958f7)
SENT Swift -> soho@barswift.com (id 01a0b0a2-650c-72e8-9447-f722331f35f4)
SENT The Pot Still -> info@thepotstill.co.uk (id 01a0b0a2-6b13-7792-996a-8bb57960d7be)
SENT Three Sheets Dalston -> dalston@threesheets-bar.com (id 01a0b0a2-7117-753c-8321-dd53bd5e26e5)
SENT Trailer Happiness -> reservations@trailerh.com (id 01a0b0a2-7759-75f8-841a-1dffe43bdb90)
SENT Waltz -> info@waltzbar.uk (id 01a0b0a2-7d5d-7126-a342-83173aa37d70)
SENT All Night Skate -> groovy@allnightskate.com (id 01a0b0a2-836a-77b3-889b-1e297251c2ce)
SENT Botanist -> info@botanistrestaurant.com (id 01a0b0a2-8973-72bb-a588-da9577da66bd)
SENT Liz Cocktail e Wine -> contato@lizcocktailewine.com (id 01a0b0a2-8f93-714e-99d9-d7538ebe819e)
SENT Bijou Drinkery Room -> info@bijoudrinkeryroom.com (id 01a0b0a2-9592-7468-bd16-1bd4920cc8b3)
SENT Bar Carmen -> reservas@carmenmedellin.com (id 01a0b0a2-9ba7-710a-ab71-da8e5a601fed)
SENT The Loft -> eventos@theloftroom.cl (id 01a0b0a2-a1af-77db-9ee2-ddb7ea546f50)
SENT Lady Bee -> info@ladybee.bar (id 01a0b0a2-a7a9-77c8-8bb8-265fa0aef999)
SENT SOMMA -> info@sommabar.com.ar (id 01a0b0a2-ae34-7565-9c5d-36551a11b8e1)
SENT Baby Gee -> info@babygeebar.com (id 01a0b0a2-b4b1-7014-a017-e97e78363d44)
SENT Meo -> info@meochinatown.com (id 01a0b0a2-bacc-77f9-908a-c1a417037a89)
SENT Picco -> contato@opicco.com.br (id 01a0b0a2-c0f5-762c-a276-f897e3cc6724)
SENT Handshake Speakeasy -> reservaciones@handshake.bar (id 01a0b0a2-c72d-72ef-b1af-9745446ae94d)
SENT Mala Audio Bar -> hello.malaaudiobar@gmail.com (id 01a0b0a2-cd35-765b-a28b-db1c54ea2588)
SENT Bar Betsie -> hello@barbetsiedc.com (id 01a0b0a2-d469-76e8-96e8-4a1a0ec0d259)
SENT Mother -> info@motherdrinks.co (id 01a0b0a2-db3e-77cc-84b4-952a1961135c)
SENT Bar Chenin -> info@barchenin.com (id 01a0b0a2-e17e-70a9-89fe-375a1c28820f)
SENT The Keefer Bar -> info@thekeeferbar.com (id 01a0b0a2-e7db-75a1-9196-9188016cbf55)
=== batch16-amer-eur w2 done Thu Sep 17 11:31:02 PDT 2026 ===
=== batch16-amer-eur w3 live send Thu Sep 17 13:30:05 PDT 2026 ===
43 to send — will be logged as batch16-amer-eur (2026-09-17)

SENT Bar Kabawa -> hello@barkabawa.com (id 01a0b10f-ed17-70d3-ad37-db2cb42475d1)
SENT Bar Maritime -> hi@eatmaritime.com (id 01a0b10f-f31c-740d-a935-d45610a28668)
SENT Birds -> booking@birds-nyc.com (id 01a0b10f-f9ba-749d-96e2-57c882407b53)
SENT Bryant's Cocktail Lounge -> hello@bryantscocktaillounge.com (id 01a0b110-0067-73c3-b425-699cf07dd112)
SENT Bygones Cocktail Bar -> hello@bygonesbar.com (id 01a0b110-06a2-71d0-8d12-847100bc2090)
SENT Cavaña -> hola@cavanasf.com (id 01a0b110-0cc7-70df-a9c2-562a422792b4)
SENT Clavel Mezcaleria -> clavelmezcal@gmail.com (id 01a0b110-12fe-772e-8485-c90aeefc71b0)
SENT Cobra -> info@cobrabarcolumbus.com (id 01a0b110-19a2-76cb-9388-a8ae2db8af42)
SENT Devil's Toboggan -> info@devilstoboggan.com (id 01a0b110-1fd3-70c3-bc7a-d36cda3ecf74)
SENT Drastic Measures -> info@drasticbar.com (id 01a0b110-2657-7773-9e37-7c5d8d4b0136)
SENT Grey Ghost Detroit -> info@greyghostdetroit.com (id 01a0b110-2e62-713f-8b09-072ced626199)
SENT Hey Love -> hello@heylovepdx.com (id 01a0b110-34c1-747a-a213-f27a55a1d4ab)
SENT Jewel Box -> thejewelboxmaine@gmail.com (id 01a0b110-3beb-71ad-8119-7b4d35f18665)
SENT Johnny's Gold Brick -> info@johnnysgoldbrick.com (id 01a0b110-4252-738a-8b45-ead16806804a)
SENT Kingfisher -> info@kingfisherdurham.com (id 01a0b110-4896-75c8-9cf2-86c1d03eb35d)
SENT LPM Miami -> info@lpmmiami.com (id 01a0b110-4eb1-72cb-978a-7eb84ea7f63f)
SENT Lone Wolf Lounge -> lonewolfloungesav@gmail.com (id 01a0b110-54de-7378-8ae1-731f5b284d77)
SENT Macchialina -> info@macchialina.com (id 01a0b110-5ae0-71bd-8c30-ea1d75ce0d78)
SENT Meteor -> info@meteormpls.com (id 01a0b110-6121-7029-9d62-9d7e4d9a8f5d)
SENT Reserve 101 -> sean@reserve101.com (id 01a0b110-6739-7092-846a-ac01911aa863)
SENT Rumba -> rumba@rumbaonpike.com (id 01a0b110-6d79-7279-b20d-0bda10ae2225)
SENT Spoke Wine Bar -> info@spokewinebar.com (id 01a0b110-73ab-719e-9c6c-a68398047cbd)
SENT Standby -> info@standbydetroit.com (id 01a0b110-79c1-721e-8762-7a34c99d0cca)
SENT Tallboy -> sup@tallboy.bar (id 01a0b110-7fe8-76f0-aec5-497088f6aa84)
SENT The Butterscotch Den -> drink@butterscotchden.com (id 01a0b110-86a2-778f-ad0d-bfffc6663b0b)
SENT The Gin Room -> ginroomgm@gmail.com (id 01a0b110-8d33-73d6-9d9e-4a05431ac212)
SENT The Grey -> info@thegreyrestaurant.com (id 01a0b110-934a-70cd-8c7f-c3f8ff7baccc)
SENT The Mountaineering Club -> info@themountaineeringclub.com (id 01a0b110-995f-7289-abd5-05916c133564)
SENT The Snug -> drink@snugca.com (id 01a0b110-9fe8-77d8-9c89-cf331d71d44b)
SENT Tikehau Lounge -> info@tikehaulounge.com (id 01a0b110-a60b-771f-a03d-8eadf4f3b0f5)
SENT Watch Hill Proper -> watchhillproper@kbmbrands.com (id 01a0b110-ac7e-779c-9416-a5285a5477eb)
SENT Water Witch -> info@waterwitchbar.com (id 01a0b110-b2d2-74f8-9d0d-f3746793a038)
SENT Wild Child Wines -> wild@wildchildwines.com (id 01a0b110-b8fa-7079-9aed-e3ad3d828d3b)
SENT Elysian Budapest -> info@elysianbudapest.com (id 01a0b110-bf09-7650-9c21-ef45eceaac66)
SENT Bar Pompette -> barpompette@pompette.ca (id 01a0b110-c513-72ae-b3f8-70730b2a0f34)
SENT Bar am Wasser -> info@baramwasser.ch (id 01a0b110-cb0c-745b-8144-39917706ef15)
SENT June on Cambie -> info@juneoncambie.com (id 01a0b110-d153-7388-9814-4d48f9e736e3)
SENT BarMünster -> info@barmuenster.ch (id 01a0b110-d777-73e8-940e-40f4d2fca253)
SENT Civil Works -> info@civilworks.ca (id 01a0b110-dead-77cb-9d44-e122c18d18fb)
SENT Marea Cocktailbar -> info@marea.bar (id 01a0b110-e5d5-766d-af68-ccc66207f6f7)
SENT Prophecy -> management@prophecybar.com (id 01a0b110-ec3b-7070-966b-6ba12bcf115c)
SENT Old Crow -> info@oldcrow.ch (id 01a0b110-f2ec-772b-979e-9f4fa2c02d20)
SENT Arca -> contact@arcatulum.com (id 01a0b110-f8e1-710a-a832-558b66ba279f)
=== batch16-amer-eur w3 done Thu Sep 17 13:31:16 PDT 2026 ===
