=== batch11-europe-wave3a live send Thu Sep 10 06:30:01 PDT 2026 ===
44 to send — will be logged as batch11-europe-wave3a (2026-09-10)

SENT Nouvelle Vague -> info@nouvellevaguetirana.com (id 1a8b5cd4-a064-4858-ae9e-09470691edc4)
SENT Bruder -> hallo@bruder.xyz (id 08eb2c4a-1d6c-4d62-82e4-4b15c912d7a4)
SENT Kleinod Bar -> kleinoddiebar@kleinod.wien (id 8bb791b0-e8d7-45b9-a2ce-4143d28ec211)
SENT Tür 7 -> bar@tuer7.at (id f6ffb24e-0668-4dff-875e-453be2cdd4ea)
SENT Plumette -> contact@plumette-bar.com (id 5e521090-99c7-4db6-8051-e14b14b12450)
SENT Bar Sistema -> info@barsistema.com (id 3880c4c2-b105-4262-aec5-a0e26bfd1559)
SENT Roots -> info@roots.bar (id 8188ebd4-5a54-4821-99cd-3b614f68dcdb)
SENT Alma Prague -> info@almaprague.cz (id 4f73695f-dc6a-4615-ac2e-1254d0d66c26)
SENT Becher's Bar -> reservation@pupp.cz (id 7dc21dcb-c94c-4750-95f2-d71bf7ef2cf5)
SENT Black Angel's Bar -> info@blackangelsbar.com (id 42e20d0c-f029-4df3-b661-641818975c6b)
SENT Café Bar Pilotů -> infobarpilotu@gmail.com (id 879e4588-94e4-4551-a33d-787ad626067e)
SENT Forbína Bar -> info@barforbina.cz (id 0bb9ab9f-6419-41cb-bc68-0bf37c4a0b40)
SENT L'Fleur -> info@lfleur.cz (id 8e11175c-4519-4413-a699-a2acb96ecdc3)
SENT Taigen -> taigenprague@yahoo.com (id a33abe04-71e2-4e0d-a8fb-364c5cc9ac2d)
SENT The Alchemist Bar -> info@thealchemistbar.cz (id ad75d12b-691f-47c6-838f-5f9f2a78f709)
SENT Balderdash -> info@balderdash.dk (id 0e84658d-4896-4c5c-a619-97b6ae29c945)
SENT Bar DECO -> hello@bardeco.dk (id b8eeb5ee-df3c-4457-8b46-039cdaa4e965)
SENT Bird -> tricks@birdcph.dk (id d0d747e8-2e14-49c1-a17b-5dba5422110e)
SENT Curfew -> info@curfew.dk (id ffc25ae9-647f-4c2f-8364-f15c0b49c5e9)
SENT Gaia Cocktails -> kontakt@gaiacocktails.dk (id eee8d969-3152-479b-b83a-a1a1498864b1)
SENT Lidkoeb -> bookings@lidkoeb.dk (id efba68a4-a198-46ea-8dc8-4baa6b6ae6e1)
SENT Ruby -> bookings@rby.dk (id 8afdeb7f-232f-4805-8809-42f430ee7169)
SENT Tata Cocktail Bar -> reservations@hotelsanders.com (id 3b4968b8-aa84-41c9-b6d0-3560585cf935)
SENT Victory -> info@victorycph.dk (id 1f10d16d-f22a-4aea-889e-46be7885365f)
SENT Bar Mate -> info@barmate.fi (id 7caffeb2-70d7-4f2e-98cd-85bf6a60ab11)
SENT Chihuahua Julep -> afternoon@chihuahuajulep.fi (id e1d154b5-7b7e-4950-8cc5-0b98c7a8f645)
SENT Trillby & Chadwick -> info@sonofapunch.com (id c96da297-a85d-455d-9346-5c9c8721a583)
SENT Bisou Canal -> nico@bisoudrinks.com (id c47109f5-7070-47c9-8284-ac45d7881b7d)
SENT Candelaria -> info@candelaria-paris.com (id de560aa6-839d-4307-ade3-d9878076dfeb)
SENT Combat -> info@combat-belleville.com (id 34a807a2-630d-4c1b-a143-dd17063eda66)
SENT CopperBay -> paris@copperbay.fr (id 1d05994d-3ba9-459a-9e36-4ab40c991b8e)
SENT Le Syndicat -> lesyndicat@syndicatcocktailclub.com (id 84c6f118-184b-4988-b37f-3a0027e6e0e8)
SENT Madame Pang -> contact@madamepang.com (id c2703866-acca-44bb-a090-ce79ea741c6c)
SENT Septime La Cave -> travailler@septime-charonne.fr (id ae3dff89-3894-4695-a7ee-5a90046bc393)
SENT Le Lion Bar de Paris -> bar@lelion.net (id 666eb357-7015-49fc-8d94-8769781ebe9c)
SENT Seiberts Bar -> info@seiberts-bar.com (id 7e80cf8b-ce25-4de1-8640-82b3b0656b01)
SENT Line -> hello@lineathens.gr (id c98ed3fc-081c-4745-ac6a-e138588aff6f)
SENT Blue Fox The Bar -> info@bluefoxthebar.com (id 1dc72a40-0522-49fd-b209-3d88183b4ec5)
SENT Boutiq' Bar -> info@boutiqbar.com (id 29e1757e-f78a-4516-909e-ac28d7e4d2fd)
SENT Hotsy Totsy -> speakeasy@hotsytotsy.hu (id 8cf03cd9-8855-4c15-b99d-f036560fdbbc)
SENT Leo Rooftop -> rooftop.reservation@leobudapest.hu (id 778ae600-3dc0-461c-994b-8d0d080b340f)
SENT Múzsa -> info@muzsa.com (id 62e85f61-80bb-4045-8848-131dd9d078c7)
SENT Tuk Tuk Bar -> bar@casatihotel.com (id 7abca83e-f340-4450-9abb-7342340ced74)
SENT Warm Up Cocktail bar -> warmupcocktailbar@gmail.com (id d2ace996-b238-4736-b16f-2498128029ac)
=== done Thu Sep 10 06:31:17 PDT 2026 ===
=== batch11-europe-wave3b live send Fri Sep 11 06:30:03 PDT 2026 ===
42 to send — will be logged as batch11-europe-wave3b (2026-09-11)

node:internal/modules/run_main:107
    triggerUncaughtException(
    ^

[TypeError: fetch failed] {
  [cause]: Error: getaddrinfo ENOTFOUND bqtwpfpxqoykxjluirvp.supabase.co
      at GetAddrInfoReqWrap.onlookupall [as oncomplete] (node:dns:122:26) {
    errno: -3008,
    code: 'ENOTFOUND',
    syscall: 'getaddrinfo',
    hostname: 'bqtwpfpxqoykxjluirvp.supabase.co'
  }
}

Node.js v24.14.0
=== done Fri Sep 11 06:30:05 PDT 2026 ===
=== batch11-europe-wave3b live send Fri Sep 11 07:57:12 PDT 2026 ===
42 to send — will be logged as batch11-europe-wave3b (2026-09-11)

SENT 9 Below -> welcome@9below.ie (id 44034aaa-108b-43d1-95ab-6517f946f99f)
SENT Bar 1661 -> hello@bar1661.ie (id 74874df0-e47e-4506-9381-3af833a48dcc)
SENT Peruke & Periwig -> book@peruke.ie (id cdc66f4f-2262-46e4-a4d2-e512ccb5b911)
SENT Bang Bang Bar at Teeling Distillery -> reservations@teelingwhiskey.com (id f42679b7-b8bd-44bb-926e-bbcd67be0404)
SENT The Big Romance -> info@thebigromance.ie (id 14bfc20b-359d-4890-9d83-ef385ce702ab)
SENT The Blind Pig Speakeasy -> reservations@theblindpig.ie (id 44669f6b-db5a-4c56-8957-08d9dcf3d554)
SENT Vintage Cocktail Club -> book@vccdublin.com (id f62fd3b3-61ea-4f80-b0de-836f65642b2e)
SENT Alto Rooftop -> info@altorooftop.com (id aef47f35-5676-4ef3-9c7b-96d595240ab6)
SENT Caffe Paszkowski -> welcome@caffepaszkowski.com (id 696ad591-171f-41e4-a321-51710ae0f4b8)
SENT Depero -> deperocoop@gmail.com (id 0528020c-2232-40e3-a081-212a3ed90bcc)
SENT Drink Art Gallery -> drinkartgallery@gmail.com (id a8bb1138-aade-476e-b9a4-edad6d4073be)
SENT Dry Martini -> drymartinisorrento@majesticpalace.it (id 436da633-50a7-4e01-aa9e-a4d795df95c6)
SENT Freni e Frizioni -> info@freniefrizioni.com (id 331cf575-21e7-4db5-8d25-69c01f235f6c)
SENT Il Mercante -> infomercante@gmail.com (id ff841dfa-2323-4cd5-a783-69c04171abf9)
SENT La Drogheria -> bazar@la-drogheria.it (id 7aa069b2-31ff-465a-8b58-03c9ac89c6d1)
SENT La Ménagère -> info@lamenagere.it (id 33117a44-859a-483e-944b-ac8d5c72b1bb)
SENT Moebius Milano -> info@moebiusmilano.it (id f2ce21f6-45a7-40be-8644-2574bfe3d408)
SENT Officina Milano -> info@officinamilano.eu (id b63c1f5a-2633-4ec1-b357-289ea796c7c9)
SENT Piano 35 Lounge Bar -> info@piano35.com (id f9da4eb5-f06f-4800-95fd-feb81306a16d)
SENT Rita -> info@ritacocktails.com (id 75031dfe-49b3-42e9-b05e-930a9b85e872)
SENT Rita's Tiki Room -> info@ritastikiroom.com (id 14d44937-562e-45ee-8ecf-5c569da0e56a)
SENT TiME Social Bar -> timesocial@icloud.com (id 9d0faf9c-1f2d-4e74-80c8-42093f3887a0)
SENT Botanero -> info@botanerorotterdam.com (id 4ce5f48a-6ed3-4333-8b5a-561021901550)
SENT Door 74 -> info@finddoor74.com (id bb04428b-7679-41e0-b38d-eae959ddb3de)
SENT Dutch Courage -> info@dutchcouragecocktails.com (id 98ade313-7876-4987-a115-61c10e901f0c)
SENT Flying Dutchmen Cocktails -> info@flyingdutchmencocktails.com (id 4aef94fa-8f6d-4199-8c98-106001647bce)
SENT Pulitzer's Bar -> info@pulitzeramsterdam.com (id 88736d72-149b-4dc9-8974-7f017b2a733c)
SENT Rosalia's Menagerie -> welcome@rosalias.amsterdam (id 13f7b590-ed72-45f9-b518-3391c3ff18d5)
SENT Britannia Bar -> contact@britannia.no (id 776460a1-3057-41a2-8185-ce95cf60421b)
SENT Himkok -> booking@himkok.no (id daafea1c-ef7f-4818-bb3f-a7084238beea)
SENT Bar Pacyfik -> info@pacyfik.bar (id afd5f64b-9154-4422-a4e9-644efb844141)
SENT Feliks Bar Café -> info@feliksbarcafe.com (id 338e7670-1dc5-4238-b2f2-9c2b34660c73)
SENT Flisak '76 -> rezerwacje.flisak76@gmail.com (id 24728e99-1184-4082-8247-2b16dc5589b0)
SENT Mercy Brown -> tables@mercybrown.pl (id d67a7995-f188-43a0-b5a4-b481fd8d7847)
SENT Tag -> booking@tagcocktails.com (id 21c9c918-bbed-4f3b-ac00-f7500ba00987)
SENT Dragoljub -> vanja@newbalkancuisine.com (id 4b47d470-08b4-4f32-88a2-ffb208bd3385)
SENT Noble Roots -> info@nobleroots.rs (id b725abca-0503-461e-989b-88869d1e6e4c)
SENT Riddle Bar -> bar@riddle.bar (id acceb741-680d-448f-8125-7c2a04a352d4)
SENT Old Fashioned Bar -> manager@oldfashioned.sk (id 0994c436-d023-460f-86a6-cc1cd7d01381)
SENT Sky Bar Bratislava -> reservation@skybar.sk (id 967ae691-32c8-49a5-95d0-4122326bd989)
SENT Zizania -> diegotravaglio1@yahoo.it (id c52c3127-0379-4218-b161-6996daa51eb8)
SENT Toca da Raposa -> constancacordeiro@gmail.com (id 1c4eb0fc-5d24-4a91-9097-791b753465ac)
=== done Fri Sep 11 07:58:20 PDT 2026 ===
