=== batch17-tuesday w1 live send Tue Sep 22 08:09:59 PDT 2026 ===
=== batch17-tuesday w1 attempt 1 start Tue Sep 22 08:10:00 PDT 2026 ===
29 to send — will be logged as batch17-tuesday (2026-09-22)

SENT Allē Lounge on 66 -> concierge@rwlasvegas.com (id 01a0c9ad-10f4-75bd-8014-4a7a24596f25)
SENT Angel Face -> info@angelfaceportland.com (id 01a0c9ad-1936-73ce-b63e-4903efa7be0e)
SENT Apothecary -> info@apothecary.bar (id 01a0c9ad-2094-77af-a701-3d9099bb7a2b)
SENT Arbor Hall -> arborhallpdx@gmail.com (id 01a0c9ad-27f4-755a-af41-87b1a614f6da)
SENT Armoury D.E. -> armouryde@gmail.com (id 01a0c9ad-301b-7219-8d23-dfedf1d166bc)
SENT Bar ANA -> info@anahgp.com (id 01a0c9ad-38b6-759e-9b85-c829c93d078e)
SENT Bar Colette -> info@barcolette.com (id 01a0c9ad-40a6-7006-bbbc-c8e062a61567)
SENT Bar Fino -> scott@lvcollective.com (id 01a0c9ad-47e7-7dcc-b044-8049200b48e2)
SENT Barr Hill Cocktail Bar -> info@caledoniaspirits.com (id 01a0c9ad-4ebb-7110-8947-b93c7ae7c793)
SENT Bellwether Bar -> bellwetherbar@gmail.com (id 01a0c9ad-55c2-7458-8d4c-8d5aba72a0bd)
SENT Bible Club -> contact@pdxrevival.com (id 01a0c9ad-5ceb-79be-96f0-8830650f2808)
SENT BoccaLupo -> info@boccalupoatl.com (id 01a0c9ad-63cd-72d4-b557-c07a1954ad15)
SENT Buddy Buddy -> buddybuddyATL@gmail.com (id 01a0c9ad-6ac1-7778-a3e0-14082336d87a)
SENT Capri Club -> capriclub@icecoldhospitality.com (id 01a0c9ad-7269-71e8-9199-527d89eecd9c)
SENT Clifton Club -> info@cliftonclubdallas.com (id 01a0c9ad-797d-731b-9ea6-01eb9a63db3e)
SENT Comala -> olivia@republicapdx.com (id 01a0c9ad-8063-735a-bdae-8a28fa25d4d7)
SENT Courtland Club -> members@courtlandclub.com (id 01a0c9ad-87b1-77fd-9918-2380f7018ff1)
SENT Creepy's -> events@toothandnailpdx.com (id 01a0c9ad-8f15-7034-b38f-17db6a44a02b)
SENT Dear Sandy -> info@dearsandypdx.com (id 01a0c9ad-9632-72ef-95d4-0a402ac5417f)
SENT Dolores -> hola@doloresbk.com (id 01a0c9ad-9e22-7334-b709-d687fb469710)
SENT Driftwood Room -> info@hoteldeluxeportland.com (id 01a0c9ad-a73a-77b2-93fc-91ff471edc65)
SENT Gage & Tollner -> reservations@gageandtollner.com (id 01a0c9ad-b3df-773e-83fd-d48ff725429b)
SENT Graft Wine Shop & Wine Bar -> hello@graftchs.com (id 01a0c9ad-bb5d-74a5-9119-a62087e78911)
SENT Hale Pele -> info@halepele.com (id 01a0c9ad-c27f-76ab-8fee-267aaf8050d8)
SENT HMF -> reservations@thebreakers.com (id 01a0c9ad-c977-754f-9cd1-1f2878056d71)
SENT JoJo's Beloved Cocktail Lounge -> hello@jojosbeloved.com (id 01a0c9ad-d060-73e7-a97f-c28b27c17e02)
SENT Kato -> info@katorestaurant.com (id 01a0c9ad-d746-77cc-b7c9-5575b0fb195e)
SENT Kimball House -> info@kimball-house.com (id 01a0c9ad-de3e-7232-a747-d42752f0c51d)
SENT Las Almas Rotas -> manager@lasalmasrotas.com (id 01a0c9ad-e515-76cb-be47-e874ad0dbe69)
=== batch17-tuesday w1 attempt 1 exit 0 Tue Sep 22 08:13:33 PDT 2026 ===
=== batch17-tuesday w1 done Tue Sep 22 08:13:33 PDT 2026 ===
