=== batch17-monday w1 live send Mon Sep 21 00:30:08 PDT 2026 ===
31 to send — will be logged as batch17-monday (2026-09-21)


1 of 31 have no email on file and cannot be sent:
   - hudson-bar-budapest  ((not found or inactive))

Continuing: 3% missing is within the 20% limit. 30 will be sent.
SENT B-Heaven Rooftop Bar -> warsawpowisle@barcelo.com (id 01a0c2df-61f5-73d4-8f2a-f74708667113)
SENT Baudelaire Bar -> info@baudelaire.sk (id 01a0c2df-68a6-74cb-95ab-415154784620)
SENT ALCRON Bar -> alcron.bar@almanachotels.com (id 01a0c2df-6f6b-7698-ac39-1adbebf6fe94)
SENT Cooldown Budapest -> info@cooldownbudapest.com (id 01a0c2df-762c-7498-b5bf-9ce2ea63d5d0)
SENT Abstract -> contact@abstract.cool (id 01a0c2df-7ce1-72e3-a5bf-f36970584c9f)
SENT Angry Monk -> rest@angrymonk.rs (id 01a0c2df-83dc-7438-b9ac-320104ec0697)
SENT Ka'Lavanda Bar -> kalavanda.hvar@yahoo.com (id 01a0c2df-8a9d-77ba-b56c-224d1651f36d)
SENT Malaka Spice -> marketingmanager@malakaspice.com (id 01a0c2df-919a-70d6-b04f-6b42b254eb93)
SENT Employees Only -> reservations@employeesonlysg.com (id 01a0c2df-9849-7703-8b07-9cad3e9f627d)
SENT Bar Leone -> tuttobene@barleonehk.com (id 01a0c2df-9f1d-725e-bf3d-f18afdeeab99)
SENT Zuma -> info@zumarestaurant.com.hk (id 01a0c2df-a5e0-7549-8e51-e66ba0331aa8)
SENT Donkey Shoe -> salud@donkeyshoe.com (id 01a0c2df-aca2-7325-bf1e-75a54fc68130)
SENT Bukowski 2.0 -> info2@bukowski.sk (id 01a0c2df-b352-7194-8192-7610006766b9)
SENT Bar Cobra -> matej@barcobra.cz (id 01a0c2df-ba18-7311-918d-a01086daf615)
SENT High Note SkyBar -> skybar@ariahotelbudapest.com (id 01a0c2df-c0d7-70d5-b16d-2c0dbbe9108a)
SENT Aperture -> contact@aperturemontpellier.com (id 01a0c2df-c7a1-76ac-86e7-ecb201e7be58)
SENT Elizabeth -> reservations@elizabeth.rs (id 01a0c2df-ce6a-74bc-bfc0-d668fcb89bb4)
SENT Mediterraneo Bar -> imediterraneo@me.com (id 01a0c2df-d55f-70cc-ac03-4ffc869ada36)
SENT Soy Como Soy -> info@iceberghospitality.com (id 01a0c2df-dc1b-7329-96fc-f63c2345b2ad)
SENT Ether Rooftop Bar -> info.nyxwarsaw@leonardo-hotels.com (id 01a0c2df-e2c5-77fb-a16e-1334e9080d68)
SENT Bukowski Bar -> info@bukowski.sk (id 01a0c2df-e98c-730d-8ed5-7c5f85ea0a5e)
SENT Bonvivant´s CTC -> info@bonvivants.cz (id 01a0c2df-f11b-767b-b7fe-b10bb5481b51)
SKIP hudson-bar-budapest: not found/active
SENT Contrast -> hello@contrast-bar.com (id 01a0c2df-f8c8-70a2-b257-00e9e06892ff)
SENT Josephine Bar & Restaurant -> reservations@josephinebelgrade.rs (id 01a0c2df-ff7d-7358-a381-6fc742d9e993)
SENT Hedwig's -> restaurants@stradomhouse.com (id 01a0c2e0-062f-76fd-aac1-5074bc47c918)
SENT Casa del Havana -> info@havanacafe.sk (id 01a0c2e0-0cfc-711c-a3af-a0108e2a8054)
SENT Bugsy's Bar -> bar@bugsysbar.cz (id 01a0c2e0-13b1-7709-8502-70827bb3241d)
SENT KAA° Mixology -> info@twentysixbudapest.com (id 01a0c2e0-1a8c-756e-9452-8fa6978da656)
SENT Le Quatrième Tiers -> contact@barlequatriemetiers.com (id 01a0c2e0-216d-764e-894e-a4ae040fdcc0)
SENT Rakia Bar Belgrade -> giftshop@rakiabar.com (id 01a0c2e0-2859-75ea-8c01-c432ac8803cb)
=== batch17-monday w1 done Mon Sep 21 00:31:06 PDT 2026 ===
