=== batch15-asia w1 live send Sun Sep 20 21:00:09 PDT 2026 ===
11 to send — will be logged as batch15-asia (2026-09-21)


1 of 11 have no email on file and cannot be sent:
   - the-savory-project  (The Savory Project)

Continuing: 9% missing is within the 20% limit. 10 will be sent.
SENT Pony Up -> comefindus@ponyupshanghai.com (id 01a0c21f-1b36-76b2-b0b7-2a727559f29f)
SENT Bourke's -> info@bourkeshk.com (id 01a0c21f-2240-73a5-a1b2-7611ac6c7dd2)
SENT Penicillin -> info@penicillinbarhk.com (id 01a0c21f-2921-70dc-84aa-a768125a1353)
SKIP the-savory-project: no email on file
SENT Atlas -> info@atlasbar.sg (id 01a0c21f-30f1-7349-be58-1b1b89939bef)
SENT FURA -> hi@fura.com.sg (id 01a0c21f-37d5-765a-b96d-3095653ff4d8)
SENT Live Twice -> info@livetwice.sg (id 01a0c21f-3ea5-75bc-be19-9cf01130a673)
SENT Native -> info@tribenative.com (id 01a0c21f-4580-747c-9990-18dd308fcd95)
SENT Offtrack -> hello@offtrack.sg (id 01a0c21f-4c50-734b-bed7-ebca999e6655)
SENT 1920 -> reservations@1920.ae (id 01a0c21f-5325-759d-b7ab-a33063ccb193)
SENT LPM Dubai -> info@lpmdubai.ae (id 01a0c21f-59fc-730f-8d81-268cc3fbe9c2)
=== batch15-asia w1 done Sun Sep 20 21:00:30 PDT 2026 ===
=== batch15-asia w2 live send Sun Sep 20 23:00:05 PDT 2026 ===
11 to send — will be logged as batch15-asia (2026-09-21)

SENT Bar Leone -> tuttobene@barleonehk.com (id 01a0c28c-eb97-731a-a6df-0fdc0e932f5f)
SENT Coa -> info@coa.com.hk (id 01a0c28c-f4a1-74cb-b245-8b8fbd858dea)
SENT Quinary -> info@quinary.hk (id 01a0c28c-fcd0-76d9-a8d6-8f8ab0872329)
SENT Canopy Lounge by Tigerbay -> info@canopylounge.my (id 01a0c28d-039b-734e-a5a1-dbbd2fa88ca7)
SENT Cat Bite Club -> contact@catbiteclub.com (id 01a0c28d-0a7d-76d1-9489-24533438b361)
SENT Jigger & Pony -> info@jiggerandpony.com (id 01a0c28d-11d0-70cb-8f8d-f4ee34e55bc9)
SENT Milli -> contact@millisingapore.com (id 01a0c28d-19b7-71f6-9a15-600d40af5d23)
SENT Nutmeg & Clove -> hello@nutmegclove.com (id 01a0c28d-21c2-731d-8713-5065d3865ff5)
SENT Nuss Bar -> nusarabkk@gmail.com (id 01a0c28d-288b-74cf-a6d1-7a722d4cc183)
SENT Galaxy Bar -> reservations@galaxy-bar.com (id 01a0c28d-3030-77c5-bd5a-48ff48bc2cdd)
SENT Mimi Kakushi -> book@mimikakushi.ae (id 01a0c28d-380d-742e-93c8-c94513c83ff0)
=== batch15-asia w2 done Sun Sep 20 23:00:31 PDT 2026 ===
