=== batch13-phoenix live send Tue Sep 15 09:06:14 PDT 2026 ===
9 to send — will be logged as batch13-phoenix (2026-09-15)

SENT Bar 1912 -> info@1912phx.com (id 8a940b4f-5053-474f-9933-4288dcaf0ead)
SENT Barcoa Agaveria -> hola@barcoaphx.com (id c76c320d-c0fd-4f58-8fb0-20399e4c19b2)
SENT Bitter & Twisted Cocktail Parlour -> info@bitterandtwistedaz.com (id e355aa49-de23-4895-b908-2e4771c5b481)
SENT Century Grand -> events@bartershake.com (id ca959efa-3a85-40ac-b441-c6de1c7a83de)
SENT Highball -> info@highballphx.com (id 1bc7efdb-b2d4-467c-84ac-85513b8379b6)
SENT Killer Whale Sex Club -> info@killerwhalesexclub.com (id 30ea370a-58c2-4b62-b585-d4fc3feaa16e)
SENT Little Rituals -> info@littleritualsbar.com (id 9e2abb91-736e-4140-9158-9aa4d5cfe587)
SENT Pretty Penny -> PrettyPenny@InTasteWeTrust.com (id 0611878f-cff9-41ae-a557-63dd5fe3b243)
SENT Upstairs at Flint -> hello@flintbybaltaire.com (id 33d7e4d9-0311-47db-adfb-3221cbec4fc8)
=== batch13-nashville live send Tue Sep 15 09:06:30 PDT 2026 ===
6 to send — will be logged as batch13-nashville (2026-09-15)

SENT The Patterson House -> Info@ThePattersonNashville.com (id 87760d38-16dd-474c-9b14-14e237ffccf3)
SENT Old Glory -> info@oldglorynashville.com (id 50a07396-6b8b-4544-a4ef-cd0451abc1ae)
SENT Tiger Bar -> tigerbarnashville@gmail.com (id 200710a4-0091-4452-8d3c-95ef5b901dd1)
SENT Bastion -> info@bastionnashville.com (id 0d9275b7-0234-45bd-83b6-251016057e86)
SENT Pearl Diver -> pearldiverbar@gmail.com (id 9226ff42-7170-4e09-a5ad-23c63d26a725)
SENT Attaboy -> info@attaboynashville.com (id 6687e868-7e84-4e94-9344-ea661c9405ab)
=== batch13-metro1 live send Tue Sep 15 09:06:40 PDT 2026 ===
12 to send — will be logged as batch13-metro1 (2026-09-15)

SENT Double Fun -> hello@doublefunchicago.com (id bc10cef8-947b-4a05-87ea-c76b24392b15)
SENT Friends of Friends -> info@fofchicago.com (id d31d4e92-fe21-4e6b-9343-e507394d6217)
SENT MONEYGUN -> info@moneygunchicago.com (id 9637b363-2d68-4899-82f1-527cde4402f8)
SENT Sportsman's Club -> info@drinkingandgathering.com (id 1146a6fa-2514-4013-8430-9d97eaaba313)
SENT Junebug -> hello@junebugnola.com (id 2425b491-3ca7-433e-a898-c66349db9153)
SENT The Elysian Bar -> info@hotelpeterandpaul.com (id 25a1fd2f-8c59-47eb-9baf-d7a023dcd923)
SENT Holiday -> hello@holidayon7th.com (id 3e072243-d1e1-4089-95c5-6eac5f27ce10)
SENT Lady Jane -> info@ladyjanedenver.com (id 828fe169-6976-44c1-a725-87f4af567a62)
SENT The Peach Crease Club -> howdy@peachcreaseclub.com (id c975408c-2f3b-47b7-a728-287cdd968f12)
SENT Eleven11 -> info@eleven11nashville.com (id 655f5355-065c-46b7-ac52-3ae9f731013b)
SENT White Limozeen -> info@whitelimozeennash.com (id 26d48c82-92f6-43f4-8d29-048873cb5e9f)
SENT Midnight Rambler -> info@midnightramblerbar.com (id 56f1b530-320d-4fe3-a4b7-1ffbf9312cc0)
=== batch13 done Tue Sep 15 09:07:00 PDT 2026 ===
